// Jest Snapshot v1, https://goo.gl/fbAQLP

exports[`AllocationCard renders correctly 1`] = `
Object {
  "asFragment": [Function],
  "baseElement": <body>
    <div>
      <div
        class="MuiPaper-root MuiCard-root makeStyles-cardRoot-1 MuiPaper-elevation1 MuiPaper-rounded"
      >
        <div
          class="MuiCardContent-root makeStyles-content-2"
        >
          <p
            class="MuiTypography-root makeStyles-cardSubheading4-8 MuiTypography-body1"
          >
            Asset Allocation
          </p>
          <p
            class="MuiTypography-root makeStyles-cardSubheading2-6 MuiTypography-body1 MuiTypography-colorTextSecondary"
          >
            Subtext
          </p>
          <div
            class="MuiBox-root MuiBox-root-15"
          >
            <div
              class="MuiBox-root MuiBox-root-16"
            >
              <div
                class="recharts-wrapper"
                style="position: relative; cursor: default; width: 240px; height: 240px;"
              >
                <svg
                  class="recharts-surface"
                  cx="50%"
                  cy="50%"
                  height="240"
                  version="1.1"
                  viewBox="0 0 240 240"
                  width="240"
                >
                  <defs>
                    <clippath
                      id="recharts1-clip"
                    >
                      <rect
                        height="230"
                        width="230"
                        x="5"
                        y="5"
                      />
                    </clippath>
                  </defs>
                  <g
                    class="recharts-layer recharts-pie"
                  >
                    <g
                      class="recharts-layer"
                    >
                      <g
                        class="recharts-layer recharts-pie-sector"
                      />
                      <g
                        class="recharts-layer recharts-pie-sector"
                      />
                      <g
                        class="recharts-layer recharts-pie-sector"
                      />
                      <g
                        class="recharts-layer recharts-pie-sector"
                      />
                      <g
                        class="recharts-layer recharts-pie-sector"
                      />
                    </g>
                  </g>
                </svg>
                <div
                  class="recharts-tooltip-wrapper"
                  style="transform: translate(undefinedpx, undefinedpx); pointer-events: none; visibility: hidden; position: absolute; top: 0px; left: 0px;"
                >
                  <div
                    class="recharts-default-tooltip"
                    style="margin: 0px; padding: 10px; background-color: rgb(255, 255, 255); border: 1px solid #ccc; white-space: nowrap;"
                  >
                    <p
                      class="recharts-tooltip-label"
                      style="margin: 0px;"
                    />
                  </div>
                </div>
              </div>
            </div>
            <div
              class="MuiBox-root MuiBox-root-17"
            >
              <ul
                class="MuiList-root MuiList-padding"
              >
                <li
                  class="MuiListItem-root MuiListItem-gutters"
                  data-testid="allocation-card-DIGG"
                >
                  <div
                    class="MuiListItemAvatar-root"
                  >
                    <img
                      height="40"
                      src="/assets/DIGG.png"
                      width="40"
                    />
                  </div>
                  <div
                    class="MuiListItemText-root MuiListItemText-multiline"
                  >
                    <span
                      class="MuiTypography-root makeStyles-cardSubheading4-8 MuiTypography-body1 MuiTypography-displayBlock"
                    >
                      DIGG
                    </span>
                    <p
                      class="MuiTypography-root makeStyles-cardSubheading2-6 MuiTypography-body2 MuiTypography-colorTextSecondary MuiTypography-displayBlock"
                    >
                      61.94%
                    </p>
                  </div>
                </li>
                <li
                  class="MuiListItem-root MuiListItem-gutters"
                  data-testid="allocation-card-crvsBTC"
                >
                  <div
                    class="MuiListItemAvatar-root"
                  >
                    <img
                      height="40"
                      src="/assets/crvsBTC.png"
                      width="40"
                    />
                  </div>
                  <div
                    class="MuiListItemText-root MuiListItemText-multiline"
                  >
                    <span
                      class="MuiTypography-root makeStyles-cardSubheading4-8 MuiTypography-body1 MuiTypography-displayBlock"
                    >
                      crvsBTC
                    </span>
                    <p
                      class="MuiTypography-root makeStyles-cardSubheading2-6 MuiTypography-body2 MuiTypography-colorTextSecondary MuiTypography-displayBlock"
                    >
                      12.36%
                    </p>
                  </div>
                </li>
                <li
                  class="MuiListItem-root MuiListItem-gutters"
                  data-testid="allocation-card-SLP-DIGG-WBTC"
                >
                  <div
                    class="MuiListItemAvatar-root"
                  >
                    <img
                      height="40"
                      src="/assets/SLP-DIGG-WBTC.png"
                      width="40"
                    />
                  </div>
                  <div
                    class="MuiListItemText-root MuiListItemText-multiline"
                  >
                    <span
                      class="MuiTypography-root makeStyles-cardSubheading4-8 MuiTypography-body1 MuiTypography-displayBlock"
                    >
                      SLP-DIGG-WBTC
                    </span>
                    <p
                      class="MuiTypography-root makeStyles-cardSubheading2-6 MuiTypography-body2 MuiTypography-colorTextSecondary MuiTypography-displayBlock"
                    >
                      8.22%
                    </p>
                  </div>
                </li>
                <li
                  class="MuiListItem-root MuiListItem-gutters"
                  data-testid="allocation-card-crvtBTC"
                >
                  <div
                    class="MuiListItemAvatar-root"
                  >
                    <img
                      height="40"
                      src="/assets/crvtBTC.png"
                      width="40"
                    />
                  </div>
                  <div
                    class="MuiListItemText-root MuiListItemText-multiline"
                  >
                    <span
                      class="MuiTypography-root makeStyles-cardSubheading4-8 MuiTypography-body1 MuiTypography-displayBlock"
                    >
                      crvtBTC
                    </span>
                    <p
                      class="MuiTypography-root makeStyles-cardSubheading2-6 MuiTypography-body2 MuiTypography-colorTextSecondary MuiTypography-displayBlock"
                    >
                      6.39%
                    </p>
                  </div>
                </li>
                <li
                  class="MuiListItem-root MuiListItem-gutters"
                  data-testid="allocation-card-Other"
                >
                  <div
                    class="MuiListItemAvatar-root"
                  >
                    <div
                      class="MuiBox-root MuiBox-root-18 makeStyles-avatarBig-14"
                    />
                  </div>
                  <div
                    class="MuiListItemText-root MuiListItemText-multiline"
                  >
                    <span
                      class="MuiTypography-root makeStyles-cardSubheading4-8 MuiTypography-body1 MuiTypography-displayBlock"
                    >
                      Other
                    </span>
                    <p
                      class="MuiTypography-root makeStyles-cardSubheading2-6 MuiTypography-body2 MuiTypography-colorTextSecondary MuiTypography-displayBlock"
                    >
                      11.09%
                    </p>
                  </div>
                </li>
              </ul>
            </div>
          </div>
        </div>
      </div>
    </div>
  </body>,
  "container": <div>
    <div
      class="MuiPaper-root MuiCard-root makeStyles-cardRoot-1 MuiPaper-elevation1 MuiPaper-rounded"
    >
      <div
        class="MuiCardContent-root makeStyles-content-2"
      >
        <p
          class="MuiTypography-root makeStyles-cardSubheading4-8 MuiTypography-body1"
        >
          Asset Allocation
        </p>
        <p
          class="MuiTypography-root makeStyles-cardSubheading2-6 MuiTypography-body1 MuiTypography-colorTextSecondary"
        >
          Subtext
        </p>
        <div
          class="MuiBox-root MuiBox-root-15"
        >
          <div
            class="MuiBox-root MuiBox-root-16"
          >
            <div
              class="recharts-wrapper"
              style="position: relative; cursor: default; width: 240px; height: 240px;"
            >
              <svg
                class="recharts-surface"
                cx="50%"
                cy="50%"
                height="240"
                version="1.1"
                viewBox="0 0 240 240"
                width="240"
              >
                <defs>
                  <clippath
                    id="recharts1-clip"
                  >
                    <rect
                      height="230"
                      width="230"
                      x="5"
                      y="5"
                    />
                  </clippath>
                </defs>
                <g
                  class="recharts-layer recharts-pie"
                >
                  <g
                    class="recharts-layer"
                  >
                    <g
                      class="recharts-layer recharts-pie-sector"
                    />
                    <g
                      class="recharts-layer recharts-pie-sector"
                    />
                    <g
                      class="recharts-layer recharts-pie-sector"
                    />
                    <g
                      class="recharts-layer recharts-pie-sector"
                    />
                    <g
                      class="recharts-layer recharts-pie-sector"
                    />
                  </g>
                </g>
              </svg>
              <div
                class="recharts-tooltip-wrapper"
                style="transform: translate(undefinedpx, undefinedpx); pointer-events: none; visibility: hidden; position: absolute; top: 0px; left: 0px;"
              >
                <div
                  class="recharts-default-tooltip"
                  style="margin: 0px; padding: 10px; background-color: rgb(255, 255, 255); border: 1px solid #ccc; white-space: nowrap;"
                >
                  <p
                    class="recharts-tooltip-label"
                    style="margin: 0px;"
                  />
                </div>
              </div>
            </div>
          </div>
          <div
            class="MuiBox-root MuiBox-root-17"
          >
            <ul
              class="MuiList-root MuiList-padding"
            >
              <li
                class="MuiListItem-root MuiListItem-gutters"
                data-testid="allocation-card-DIGG"
              >
                <div
                  class="MuiListItemAvatar-root"
                >
                  <img
                    height="40"
                    src="/assets/DIGG.png"
                    width="40"
                  />
                </div>
                <div
                  class="MuiListItemText-root MuiListItemText-multiline"
                >
                  <span
                    class="MuiTypography-root makeStyles-cardSubheading4-8 MuiTypography-body1 MuiTypography-displayBlock"
                  >
                    DIGG
                  </span>
                  <p
                    class="MuiTypography-root makeStyles-cardSubheading2-6 MuiTypography-body2 MuiTypography-colorTextSecondary MuiTypography-displayBlock"
                  >
                    61.94%
                  </p>
                </div>
              </li>
              <li
                class="MuiListItem-root MuiListItem-gutters"
                data-testid="allocation-card-crvsBTC"
              >
                <div
                  class="MuiListItemAvatar-root"
                >
                  <img
                    height="40"
                    src="/assets/crvsBTC.png"
                    width="40"
                  />
                </div>
                <div
                  class="MuiListItemText-root MuiListItemText-multiline"
                >
                  <span
                    class="MuiTypography-root makeStyles-cardSubheading4-8 MuiTypography-body1 MuiTypography-displayBlock"
                  >
                    crvsBTC
                  </span>
                  <p
                    class="MuiTypography-root makeStyles-cardSubheading2-6 MuiTypography-body2 MuiTypography-colorTextSecondary MuiTypography-displayBlock"
                  >
                    12.36%
                  </p>
                </div>
              </li>
              <li
                class="MuiListItem-root MuiListItem-gutters"
                data-testid="allocation-card-SLP-DIGG-WBTC"
              >
                <div
                  class="MuiListItemAvatar-root"
                >
                  <img
                    height="40"
                    src="/assets/SLP-DIGG-WBTC.png"
                    width="40"
                  />
                </div>
                <div
                  class="MuiListItemText-root MuiListItemText-multiline"
                >
                  <span
                    class="MuiTypography-root makeStyles-cardSubheading4-8 MuiTypography-body1 MuiTypography-displayBlock"
                  >
                    SLP-DIGG-WBTC
                  </span>
                  <p
                    class="MuiTypography-root makeStyles-cardSubheading2-6 MuiTypography-body2 MuiTypography-colorTextSecondary MuiTypography-displayBlock"
                  >
                    8.22%
                  </p>
                </div>
              </li>
              <li
                class="MuiListItem-root MuiListItem-gutters"
                data-testid="allocation-card-crvtBTC"
              >
                <div
                  class="MuiListItemAvatar-root"
                >
                  <img
                    height="40"
                    src="/assets/crvtBTC.png"
                    width="40"
                  />
                </div>
                <div
                  class="MuiListItemText-root MuiListItemText-multiline"
                >
                  <span
                    class="MuiTypography-root makeStyles-cardSubheading4-8 MuiTypography-body1 MuiTypography-displayBlock"
                  >
                    crvtBTC
                  </span>
                  <p
                    class="MuiTypography-root makeStyles-cardSubheading2-6 MuiTypography-body2 MuiTypography-colorTextSecondary MuiTypography-displayBlock"
                  >
                    6.39%
                  </p>
                </div>
              </li>
              <li
                class="MuiListItem-root MuiListItem-gutters"
                data-testid="allocation-card-Other"
              >
                <div
                  class="MuiListItemAvatar-root"
                >
                  <div
                    class="MuiBox-root MuiBox-root-18 makeStyles-avatarBig-14"
                  />
                </div>
                <div
                  class="MuiListItemText-root MuiListItemText-multiline"
                >
                  <span
                    class="MuiTypography-root makeStyles-cardSubheading4-8 MuiTypography-body1 MuiTypography-displayBlock"
                  >
                    Other
                  </span>
                  <p
                    class="MuiTypography-root makeStyles-cardSubheading2-6 MuiTypography-body2 MuiTypography-colorTextSecondary MuiTypography-displayBlock"
                  >
                    11.09%
                  </p>
                </div>
              </li>
            </ul>
          </div>
        </div>
      </div>
    </div>
  </div>,
  "debug": [Function],
  "findAllByAltText": [Function],
  "findAllByDisplayValue": [Function],
  "findAllByLabelText": [Function],
  "findAllByPlaceholderText": [Function],
  "findAllByRole": [Function],
  "findAllByTestId": [Function],
  "findAllByText": [Function],
  "findAllByTitle": [Function],
  "findByAltText": [Function],
  "findByDisplayValue": [Function],
  "findByLabelText": [Function],
  "findByPlaceholderText": [Function],
  "findByRole": [Function],
  "findByTestId": [Function],
  "findByText": [Function],
  "findByTitle": [Function],
  "getAllByAltText": [Function],
  "getAllByDisplayValue": [Function],
  "getAllByLabelText": [Function],
  "getAllByPlaceholderText": [Function],
  "getAllByRole": [Function],
  "getAllByTestId": [Function],
  "getAllByText": [Function],
  "getAllByTitle": [Function],
  "getByAltText": [Function],
  "getByDisplayValue": [Function],
  "getByLabelText": [Function],
  "getByPlaceholderText": [Function],
  "getByRole": [Function],
  "getByTestId": [Function],
  "getByText": [Function],
  "getByTitle": [Function],
  "queryAllByAltText": [Function],
  "queryAllByDisplayValue": [Function],
  "queryAllByLabelText": [Function],
  "queryAllByPlaceholderText": [Function],
  "queryAllByRole": [Function],
  "queryAllByTestId": [Function],
  "queryAllByText": [Function],
  "queryAllByTitle": [Function],
  "queryByAltText": [Function],
  "queryByDisplayValue": [Function],
  "queryByLabelText": [Function],
  "queryByPlaceholderText": [Function],
  "queryByRole": [Function],
  "queryByTestId": [Function],
  "queryByText": [Function],
  "queryByTitle": [Function],
  "rerender": [Function],
  "unmount": [Function],
}
`;
