// Jest Snapshot v1, https://goo.gl/fbAQLP

exports[`BoostCard renders correctly 1`] = `
Object {
  "asFragment": [Function],
  "baseElement": <body>
    <div>
      <div
        class="MuiPaper-root MuiCard-root makeStyles-cardRoot-2 MuiPaper-elevation1 MuiPaper-rounded"
      >
        <div
          class="MuiCardContent-root makeStyles-content-3 makeStyles-centeredContent-4"
        >
          <p
            class="MuiTypography-root makeStyles-cardHeading1-5 MuiTypography-body1"
          >
            2.65
          </p>
          <p
            class="MuiTypography-root makeStyles-cardSubheading1-6 MuiTypography-body1"
          >
            My Boost
          </p>
          <p
            class="MuiTypography-root makeStyles-rank-1 MuiTypography-body1"
          >
            Rank No. 
            742
          </p>
        </div>
      </div>
    </div>
  </body>,
  "container": <div>
    <div
      class="MuiPaper-root MuiCard-root makeStyles-cardRoot-2 MuiPaper-elevation1 MuiPaper-rounded"
    >
      <div
        class="MuiCardContent-root makeStyles-content-3 makeStyles-centeredContent-4"
      >
        <p
          class="MuiTypography-root makeStyles-cardHeading1-5 MuiTypography-body1"
        >
          2.65
        </p>
        <p
          class="MuiTypography-root makeStyles-cardSubheading1-6 MuiTypography-body1"
        >
          My Boost
        </p>
        <p
          class="MuiTypography-root makeStyles-rank-1 MuiTypography-body1"
        >
          Rank No. 
          742
        </p>
      </div>
    </div>
  </div>,
  "debug": [Function],
  "findAllByAltText": [Function],
  "findAllByDisplayValue": [Function],
  "findAllByLabelText": [Function],
  "findAllByPlaceholderText": [Function],
  "findAllByRole": [Function],
  "findAllByTestId": [Function],
  "findAllByText": [Function],
  "findAllByTitle": [Function],
  "findByAltText": [Function],
  "findByDisplayValue": [Function],
  "findByLabelText": [Function],
  "findByPlaceholderText": [Function],
  "findByRole": [Function],
  "findByTestId": [Function],
  "findByText": [Function],
  "findByTitle": [Function],
  "getAllByAltText": [Function],
  "getAllByDisplayValue": [Function],
  "getAllByLabelText": [Function],
  "getAllByPlaceholderText": [Function],
  "getAllByRole": [Function],
  "getAllByTestId": [Function],
  "getAllByText": [Function],
  "getAllByTitle": [Function],
  "getByAltText": [Function],
  "getByDisplayValue": [Function],
  "getByLabelText": [Function],
  "getByPlaceholderText": [Function],
  "getByRole": [Function],
  "getByTestId": [Function],
  "getByText": [Function],
  "getByTitle": [Function],
  "queryAllByAltText": [Function],
  "queryAllByDisplayValue": [Function],
  "queryAllByLabelText": [Function],
  "queryAllByPlaceholderText": [Function],
  "queryAllByRole": [Function],
  "queryAllByTestId": [Function],
  "queryAllByText": [Function],
  "queryAllByTitle": [Function],
  "queryByAltText": [Function],
  "queryByDisplayValue": [Function],
  "queryByLabelText": [Function],
  "queryByPlaceholderText": [Function],
  "queryByRole": [Function],
  "queryByTestId": [Function],
  "queryByText": [Function],
  "queryByTitle": [Function],
  "rerender": [Function],
  "unmount": [Function],
}
`;
