// Jest Snapshot v1, https://goo.gl/fbAQLP

exports[`PendingCard renders correctly 1`] = `
Object {
  "asFragment": [Function],
  "baseElement": <body>
    <div>
      <div
        class="MuiPaper-root MuiCard-root makeStyles-cardRoot-2 MuiPaper-elevation1 MuiPaper-rounded"
      >
        <div
          class="MuiCardContent-root makeStyles-content-3 makeStyles-centeredContent-4"
        >
          <p
            class="MuiTypography-root makeStyles-cardHeading1-5 MuiTypography-body1"
          >
            $0.00
          </p>
          <p
            class="MuiTypography-root makeStyles-cardSubheading1-6 MuiTypography-body1"
          >
            Pending
          </p>
          <button
            class="MuiButtonBase-root MuiButton-root MuiButton-contained makeStyles-claimButton-1 MuiButton-containedPrimary Mui-disabled Mui-disabled"
            data-testid="pending-card-claim-button"
            disabled=""
            tabindex="-1"
            type="button"
          >
            <span
              class="MuiButton-label"
            >
              Claim all pending 
              
            </span>
          </button>
        </div>
      </div>
    </div>
  </body>,
  "container": <div>
    <div
      class="MuiPaper-root MuiCard-root makeStyles-cardRoot-2 MuiPaper-elevation1 MuiPaper-rounded"
    >
      <div
        class="MuiCardContent-root makeStyles-content-3 makeStyles-centeredContent-4"
      >
        <p
          class="MuiTypography-root makeStyles-cardHeading1-5 MuiTypography-body1"
        >
          $0.00
        </p>
        <p
          class="MuiTypography-root makeStyles-cardSubheading1-6 MuiTypography-body1"
        >
          Pending
        </p>
        <button
          class="MuiButtonBase-root MuiButton-root MuiButton-contained makeStyles-claimButton-1 MuiButton-containedPrimary Mui-disabled Mui-disabled"
          data-testid="pending-card-claim-button"
          disabled=""
          tabindex="-1"
          type="button"
        >
          <span
            class="MuiButton-label"
          >
            Claim all pending 
            
          </span>
        </button>
      </div>
    </div>
  </div>,
  "debug": [Function],
  "findAllByAltText": [Function],
  "findAllByDisplayValue": [Function],
  "findAllByLabelText": [Function],
  "findAllByPlaceholderText": [Function],
  "findAllByRole": [Function],
  "findAllByTestId": [Function],
  "findAllByText": [Function],
  "findAllByTitle": [Function],
  "findByAltText": [Function],
  "findByDisplayValue": [Function],
  "findByLabelText": [Function],
  "findByPlaceholderText": [Function],
  "findByRole": [Function],
  "findByTestId": [Function],
  "findByText": [Function],
  "findByTitle": [Function],
  "getAllByAltText": [Function],
  "getAllByDisplayValue": [Function],
  "getAllByLabelText": [Function],
  "getAllByPlaceholderText": [Function],
  "getAllByRole": [Function],
  "getAllByTestId": [Function],
  "getAllByText": [Function],
  "getAllByTitle": [Function],
  "getByAltText": [Function],
  "getByDisplayValue": [Function],
  "getByLabelText": [Function],
  "getByPlaceholderText": [Function],
  "getByRole": [Function],
  "getByTestId": [Function],
  "getByText": [Function],
  "getByTitle": [Function],
  "queryAllByAltText": [Function],
  "queryAllByDisplayValue": [Function],
  "queryAllByLabelText": [Function],
  "queryAllByPlaceholderText": [Function],
  "queryAllByRole": [Function],
  "queryAllByTestId": [Function],
  "queryAllByText": [Function],
  "queryAllByTitle": [Function],
  "queryByAltText": [Function],
  "queryByDisplayValue": [Function],
  "queryByLabelText": [Function],
  "queryByPlaceholderText": [Function],
  "queryByRole": [Function],
  "queryByTestId": [Function],
  "queryByText": [Function],
  "queryByTitle": [Function],
  "rerender": [Function],
  "unmount": [Function],
}
`;
